<?xml version="1.0" encoding="utf-8" ?>
<result>
	<row>
		<label>ecommmerce_campaigngroup</label>
		<nb_uniq_visitors>1</nb_uniq_visitors>
		<nb_visits>2</nb_visits>
		<nb_actions>2</nb_actions>
		<nb_users>0</nb_users>
		<max_actions>1</max_actions>
		<sum_visit_length>1444</sum_visit_length>
		<bounce_count>2</bounce_count>
		<nb_visits_converted>1</nb_visits_converted>
		<goals>
			<row idgoal='ecommerceAbandonedCart'>
				<nb_conversions>1</nb_conversions>
				<nb_visits_converted>1</nb_visits_converted>
				<revenue>555</revenue>
				<items>5</items>
			</row>
			<row idgoal='ecommerceOrder'>
				<nb_conversions>1</nb_conversions>
				<nb_visits_converted>1</nb_visits_converted>
				<revenue>555</revenue>
				<revenue_subtotal>0</revenue_subtotal>
				<revenue_tax>0</revenue_tax>
				<revenue_shipping>0</revenue_shipping>
				<revenue_discount>0</revenue_discount>
				<items>5</items>
			</row>
		</goals>
		<nb_conversions>1</nb_conversions>
		<revenue>555</revenue>
		<MarketingCampaignsReporting_CampaignGroup>ecommmerce_campaigngroup</MarketingCampaignsReporting_CampaignGroup>
		<segment>campaignGroup==ecommmerce_campaigngroup</segment>
	</row>
	<row>
		<label>audience group 1</label>
		<nb_uniq_visitors>1</nb_uniq_visitors>
		<nb_visits>1</nb_visits>
		<nb_actions>1</nb_actions>
		<nb_users>0</nb_users>
		<max_actions>1</max_actions>
		<sum_visit_length>0</sum_visit_length>
		<bounce_count>1</bounce_count>
		<nb_visits_converted>0</nb_visits_converted>
		<MarketingCampaignsReporting_CampaignGroup>audience group 1</MarketingCampaignsReporting_CampaignGroup>
		<segment>campaignGroup==audience+group+1</segment>
	</row>
	<row>
		<label>cg1</label>
		<nb_uniq_visitors>1</nb_uniq_visitors>
		<nb_visits>1</nb_visits>
		<nb_actions>1</nb_actions>
		<nb_users>0</nb_users>
		<max_actions>1</max_actions>
		<sum_visit_length>0</sum_visit_length>
		<bounce_count>1</bounce_count>
		<nb_visits_converted>0</nb_visits_converted>
		<MarketingCampaignsReporting_CampaignGroup>cg1</MarketingCampaignsReporting_CampaignGroup>
		<segment>campaignGroup==cg1</segment>
	</row>
	<row>
		<label>cg2</label>
		<nb_uniq_visitors>1</nb_uniq_visitors>
		<nb_visits>1</nb_visits>
		<nb_actions>1</nb_actions>
		<nb_users>0</nb_users>
		<max_actions>1</max_actions>
		<sum_visit_length>0</sum_visit_length>
		<bounce_count>1</bounce_count>
		<nb_visits_converted>0</nb_visits_converted>
		<MarketingCampaignsReporting_CampaignGroup>cg2</MarketingCampaignsReporting_CampaignGroup>
		<segment>campaignGroup==cg2</segment>
	</row>
	<row>
		<label>cg3</label>
		<nb_uniq_visitors>1</nb_uniq_visitors>
		<nb_visits>1</nb_visits>
		<nb_actions>1</nb_actions>
		<nb_users>0</nb_users>
		<max_actions>1</max_actions>
		<sum_visit_length>0</sum_visit_length>
		<bounce_count>1</bounce_count>
		<nb_visits_converted>0</nb_visits_converted>
		<MarketingCampaignsReporting_CampaignGroup>cg3</MarketingCampaignsReporting_CampaignGroup>
		<segment>campaignGroup==cg3</segment>
	</row>
	<row>
		<label>cg4</label>
		<nb_uniq_visitors>1</nb_uniq_visitors>
		<nb_visits>1</nb_visits>
		<nb_actions>1</nb_actions>
		<nb_users>0</nb_users>
		<max_actions>1</max_actions>
		<sum_visit_length>0</sum_visit_length>
		<bounce_count>1</bounce_count>
		<nb_visits_converted>0</nb_visits_converted>
		<MarketingCampaignsReporting_CampaignGroup>cg4</MarketingCampaignsReporting_CampaignGroup>
		<segment>campaignGroup==cg4</segment>
	</row>
	<row>
		<label>cg5</label>
		<nb_uniq_visitors>1</nb_uniq_visitors>
		<nb_visits>1</nb_visits>
		<nb_actions>1</nb_actions>
		<nb_users>0</nb_users>
		<max_actions>1</max_actions>
		<sum_visit_length>0</sum_visit_length>
		<bounce_count>1</bounce_count>
		<nb_visits_converted>0</nb_visits_converted>
		<MarketingCampaignsReporting_CampaignGroup>cg5</MarketingCampaignsReporting_CampaignGroup>
		<segment>campaignGroup==cg5</segment>
	</row>
	<row>
		<label>cg6</label>
		<nb_uniq_visitors>1</nb_uniq_visitors>
		<nb_visits>1</nb_visits>
		<nb_actions>1</nb_actions>
		<nb_users>0</nb_users>
		<max_actions>1</max_actions>
		<sum_visit_length>0</sum_visit_length>
		<bounce_count>1</bounce_count>
		<nb_visits_converted>0</nb_visits_converted>
		<MarketingCampaignsReporting_CampaignGroup>cg6</MarketingCampaignsReporting_CampaignGroup>
		<segment>campaignGroup==cg6</segment>
	</row>
	<row>
		<label>cg7</label>
		<nb_uniq_visitors>1</nb_uniq_visitors>
		<nb_visits>1</nb_visits>
		<nb_actions>1</nb_actions>
		<nb_users>0</nb_users>
		<max_actions>1</max_actions>
		<sum_visit_length>0</sum_visit_length>
		<bounce_count>1</bounce_count>
		<nb_visits_converted>0</nb_visits_converted>
		<MarketingCampaignsReporting_CampaignGroup>cg7</MarketingCampaignsReporting_CampaignGroup>
		<segment>campaignGroup==cg7</segment>
	</row>
	<row>
		<label>cg8</label>
		<nb_uniq_visitors>1</nb_uniq_visitors>
		<nb_visits>1</nb_visits>
		<nb_actions>1</nb_actions>
		<nb_users>0</nb_users>
		<max_actions>1</max_actions>
		<sum_visit_length>0</sum_visit_length>
		<bounce_count>1</bounce_count>
		<nb_visits_converted>0</nb_visits_converted>
		<MarketingCampaignsReporting_CampaignGroup>cg8</MarketingCampaignsReporting_CampaignGroup>
		<segment>campaignGroup==cg8</segment>
	</row>
	<row>
		<label>group 1</label>
		<nb_uniq_visitors>1</nb_uniq_visitors>
		<nb_visits>1</nb_visits>
		<nb_actions>1</nb_actions>
		<nb_users>0</nb_users>
		<max_actions>1</max_actions>
		<sum_visit_length>0</sum_visit_length>
		<bounce_count>1</bounce_count>
		<nb_visits_converted>0</nb_visits_converted>
		<MarketingCampaignsReporting_CampaignGroup>group 1</MarketingCampaignsReporting_CampaignGroup>
		<segment>campaignGroup==group+1</segment>
	</row>
</result>