<?xml version="1.0" encoding="utf-8" ?>
<result>
	<row>
		<label>none</label>
		<nb_uniq_visitors>9</nb_uniq_visitors>
		<nb_visits>9</nb_visits>
		<nb_actions>9</nb_actions>
		<nb_users>0</nb_users>
		<max_actions>1</max_actions>
		<sum_visit_length>0</sum_visit_length>
		<bounce_count>9</bounce_count>
		<nb_visits_converted>0</nb_visits_converted>
		<segment>campaignContent==none</segment>
	</row>
	<row>
		<label>ecommerce_content</label>
		<nb_uniq_visitors>1</nb_uniq_visitors>
		<nb_visits>2</nb_visits>
		<nb_actions>2</nb_actions>
		<nb_users>0</nb_users>
		<max_actions>1</max_actions>
		<sum_visit_length>1444</sum_visit_length>
		<bounce_count>2</bounce_count>
		<nb_visits_converted>1</nb_visits_converted>
		<goals>
			<row idgoal='ecommerceAbandonedCart'>
				<nb_conversions>1</nb_conversions>
				<nb_visits_converted>1</nb_visits_converted>
				<revenue>555</revenue>
				<items>5</items>
			</row>
			<row idgoal='ecommerceOrder'>
				<nb_conversions>1</nb_conversions>
				<nb_visits_converted>1</nb_visits_converted>
				<revenue>555</revenue>
				<revenue_subtotal>0</revenue_subtotal>
				<revenue_tax>0</revenue_tax>
				<revenue_shipping>0</revenue_shipping>
				<revenue_discount>0</revenue_discount>
				<items>5</items>
			</row>
		</goals>
		<nb_conversions>1</nb_conversions>
		<revenue>555</revenue>
		<segment>campaignContent==ecommerce_content</segment>
	</row>
	<row>
		<label>contains personalized campaigns for client</label>
		<nb_uniq_visitors>1</nb_uniq_visitors>
		<nb_visits>1</nb_visits>
		<nb_actions>1</nb_actions>
		<nb_users>0</nb_users>
		<max_actions>1</max_actions>
		<sum_visit_length>0</sum_visit_length>
		<bounce_count>1</bounce_count>
		<nb_visits_converted>0</nb_visits_converted>
		<segment>campaignContent==contains+personalized+campaigns+for+client</segment>
	</row>
</result>