<?xml version="1.0" encoding="utf-8" ?>
<result>
	<row>
		<label>ecommerce_campaign - ecommerce_keyword</label>
		<nb_uniq_visitors>1</nb_uniq_visitors>
		<nb_visits>2</nb_visits>
		<nb_actions>2</nb_actions>
		<nb_users>0</nb_users>
		<max_actions>1</max_actions>
		<sum_visit_length>1444</sum_visit_length>
		<bounce_count>2</bounce_count>
		<nb_visits_converted>1</nb_visits_converted>
		<goals>
			<row idgoal='ecommerceAbandonedCart'>
				<nb_conversions>1</nb_conversions>
				<nb_visits_converted>1</nb_visits_converted>
				<revenue>555</revenue>
				<items>5</items>
			</row>
			<row idgoal='ecommerceOrder'>
				<nb_conversions>1</nb_conversions>
				<nb_visits_converted>1</nb_visits_converted>
				<revenue>555</revenue>
				<revenue_subtotal>0</revenue_subtotal>
				<revenue_tax>0</revenue_tax>
				<revenue_shipping>0</revenue_shipping>
				<revenue_discount>0</revenue_discount>
				<items>5</items>
			</row>
		</goals>
		<nb_conversions>1</nb_conversions>
		<revenue>555</revenue>
		<segment>referrerType==campaign;referrerName==ecommerce_campaign;referrerType==campaign;referrerKeyword==ecommerce_keyword</segment>
		<Referrers_Campaign>ecommerce_campaign</Referrers_Campaign>
		<Referrers_Keyword>ecommerce_keyword</Referrers_Keyword>
	</row>
	<row>
		<label>10th - keyword a</label>
		<nb_uniq_visitors>1</nb_uniq_visitors>
		<nb_visits>1</nb_visits>
		<nb_actions>1</nb_actions>
		<nb_users>0</nb_users>
		<max_actions>1</max_actions>
		<sum_visit_length>0</sum_visit_length>
		<bounce_count>1</bounce_count>
		<nb_visits_converted>0</nb_visits_converted>
		<segment>referrerType==campaign;referrerName==10th;referrerType==campaign;referrerKeyword==keyword+a</segment>
		<Referrers_Campaign>10th</Referrers_Campaign>
		<Referrers_Keyword>keyword a</Referrers_Keyword>
	</row>
	<row>
		<label>11th - keyword b</label>
		<nb_uniq_visitors>1</nb_uniq_visitors>
		<nb_visits>1</nb_visits>
		<nb_actions>1</nb_actions>
		<nb_users>0</nb_users>
		<max_actions>1</max_actions>
		<sum_visit_length>0</sum_visit_length>
		<bounce_count>1</bounce_count>
		<nb_visits_converted>0</nb_visits_converted>
		<segment>referrerType==campaign;referrerName==11th;referrerType==campaign;referrerKeyword==keyword+b</segment>
		<Referrers_Campaign>11th</Referrers_Campaign>
		<Referrers_Keyword>keyword b</Referrers_Keyword>
	</row>
	<row>
		<label>12th - keyword c</label>
		<nb_uniq_visitors>1</nb_uniq_visitors>
		<nb_visits>1</nb_visits>
		<nb_actions>1</nb_actions>
		<nb_users>0</nb_users>
		<max_actions>1</max_actions>
		<sum_visit_length>0</sum_visit_length>
		<bounce_count>1</bounce_count>
		<nb_visits_converted>0</nb_visits_converted>
		<segment>referrerType==campaign;referrerName==12th;referrerType==campaign;referrerKeyword==keyword+c</segment>
		<Referrers_Campaign>12th</Referrers_Campaign>
		<Referrers_Keyword>keyword c</Referrers_Keyword>
	</row>
	<row>
		<label>13th - keyword d</label>
		<nb_uniq_visitors>1</nb_uniq_visitors>
		<nb_visits>1</nb_visits>
		<nb_actions>1</nb_actions>
		<nb_users>0</nb_users>
		<max_actions>1</max_actions>
		<sum_visit_length>0</sum_visit_length>
		<bounce_count>1</bounce_count>
		<nb_visits_converted>0</nb_visits_converted>
		<segment>referrerType==campaign;referrerName==13th;referrerType==campaign;referrerKeyword==keyword+d</segment>
		<Referrers_Campaign>13th</Referrers_Campaign>
		<Referrers_Keyword>keyword d</Referrers_Keyword>
	</row>
	<row>
		<label>14th - keyword e</label>
		<nb_uniq_visitors>1</nb_uniq_visitors>
		<nb_visits>1</nb_visits>
		<nb_actions>1</nb_actions>
		<nb_users>0</nb_users>
		<max_actions>1</max_actions>
		<sum_visit_length>0</sum_visit_length>
		<bounce_count>1</bounce_count>
		<nb_visits_converted>0</nb_visits_converted>
		<segment>referrerType==campaign;referrerName==14th;referrerType==campaign;referrerKeyword==keyword+e</segment>
		<Referrers_Campaign>14th</Referrers_Campaign>
		<Referrers_Keyword>keyword e</Referrers_Keyword>
	</row>
	<row>
		<label>15th - keyword f</label>
		<nb_uniq_visitors>1</nb_uniq_visitors>
		<nb_visits>1</nb_visits>
		<nb_actions>1</nb_actions>
		<nb_users>0</nb_users>
		<max_actions>1</max_actions>
		<sum_visit_length>0</sum_visit_length>
		<bounce_count>1</bounce_count>
		<nb_visits_converted>0</nb_visits_converted>
		<segment>referrerType==campaign;referrerName==15th;referrerType==campaign;referrerKeyword==keyword+f</segment>
		<Referrers_Campaign>15th</Referrers_Campaign>
		<Referrers_Keyword>keyword f</Referrers_Keyword>
	</row>
	<row>
		<label>16th - keyword g</label>
		<nb_uniq_visitors>1</nb_uniq_visitors>
		<nb_visits>1</nb_visits>
		<nb_actions>1</nb_actions>
		<nb_users>0</nb_users>
		<max_actions>1</max_actions>
		<sum_visit_length>0</sum_visit_length>
		<bounce_count>1</bounce_count>
		<nb_visits_converted>0</nb_visits_converted>
		<segment>referrerType==campaign;referrerName==16th;referrerType==campaign;referrerKeyword==keyword+g</segment>
		<Referrers_Campaign>16th</Referrers_Campaign>
		<Referrers_Keyword>keyword g</Referrers_Keyword>
	</row>
	<row>
		<label>17th - keyword h</label>
		<nb_uniq_visitors>1</nb_uniq_visitors>
		<nb_visits>1</nb_visits>
		<nb_actions>1</nb_actions>
		<nb_users>0</nb_users>
		<max_actions>1</max_actions>
		<sum_visit_length>0</sum_visit_length>
		<bounce_count>1</bounce_count>
		<nb_visits_converted>0</nb_visits_converted>
		<segment>referrerType==campaign;referrerName==17th;referrerType==campaign;referrerKeyword==keyword+h</segment>
		<Referrers_Campaign>17th</Referrers_Campaign>
		<Referrers_Keyword>keyword h</Referrers_Keyword>
	</row>
	<row>
		<label>campaignnamedimension - no other dimension for this visit</label>
		<nb_uniq_visitors>1</nb_uniq_visitors>
		<nb_visits>1</nb_visits>
		<nb_actions>1</nb_actions>
		<nb_users>0</nb_users>
		<max_actions>1</max_actions>
		<sum_visit_length>0</sum_visit_length>
		<bounce_count>1</bounce_count>
		<nb_visits_converted>0</nb_visits_converted>
		<segment>referrerType==campaign;referrerName==campaignnamedimension+-+no+other+dimension+for+this+visit</segment>
		<Referrers_Campaign>campaignnamedimension - no other dimension for this visit</Referrers_Campaign>
	</row>
	<row>
		<label>campaign_hashed - keyword from #hash tag parameter</label>
		<nb_uniq_visitors>1</nb_uniq_visitors>
		<nb_visits>1</nb_visits>
		<nb_actions>1</nb_actions>
		<nb_users>0</nb_users>
		<max_actions>1</max_actions>
		<sum_visit_length>0</sum_visit_length>
		<bounce_count>1</bounce_count>
		<nb_visits_converted>0</nb_visits_converted>
		<segment>referrerType==campaign;referrerName==campaign_hashed;referrerType==campaign;referrerKeyword==keyword+from+%23hash+tag+parameter</segment>
		<Referrers_Campaign>campaign_hashed</Referrers_Campaign>
		<Referrers_Keyword>keyword from #hash tag parameter</Referrers_Keyword>
	</row>
	<row>
		<label>campaign_with_two_goals_conversions</label>
		<nb_uniq_visitors>1</nb_uniq_visitors>
		<nb_visits>1</nb_visits>
		<nb_actions>1</nb_actions>
		<nb_users>0</nb_users>
		<max_actions>1</max_actions>
		<sum_visit_length>725</sum_visit_length>
		<bounce_count>1</bounce_count>
		<nb_visits_converted>1</nb_visits_converted>
		<goals>
			<row idgoal='1'>
				<nb_conversions>2</nb_conversions>
				<nb_visits_converted>1</nb_visits_converted>
				<revenue>1111</revenue>
			</row>
			<row idgoal='2'>
				<nb_conversions>1</nb_conversions>
				<nb_visits_converted>1</nb_visits_converted>
				<revenue>3333</revenue>
			</row>
		</goals>
		<nb_conversions>3</nb_conversions>
		<revenue>4444</revenue>
		<segment>referrerType==campaign;referrerName==campaign_with_two_goals_conversions</segment>
		<Referrers_Campaign>campaign_with_two_goals_conversions</Referrers_Campaign>
	</row>
	<row>
		<label>default_offer - not_an_advanced_campaign_at_first</label>
		<nb_uniq_visitors>1</nb_uniq_visitors>
		<nb_visits>1</nb_visits>
		<nb_actions>1</nb_actions>
		<nb_users>0</nb_users>
		<max_actions>1</max_actions>
		<sum_visit_length>0</sum_visit_length>
		<bounce_count>1</bounce_count>
		<nb_visits_converted>0</nb_visits_converted>
		<segment>referrerType==campaign;referrerName==default_offer;referrerType==campaign;referrerKeyword==not_an_advanced_campaign_at_first</segment>
		<Referrers_Campaign>default_offer</Referrers_Campaign>
		<Referrers_Keyword>not_an_advanced_campaign_at_first</Referrers_Keyword>
	</row>
	<row>
		<label>lenghty &quot;name&quot;...lenghty &quot;name&quot;...lenghty &quot;name&quot;...lenghty &quot;name&quot;...lenghty &quot;name&quot;...lenghty &quot;name&quot;...lenghty &quot;name&quot;...lenghty &quot;name&quot;...lenghty &quot;name&quot;...lenghty &quot;name&quot;...lenghty &quot;name&quot;...lenghty &quot;name&quot;...lenghty &quot;name&quot;...lenghty &quot;name&quot;...lenghty &quot;nam - lenghty &quot;keyword&quot;...lenghty &quot;keyword&quot;...lenghty &quot;keyword&quot;...lenghty &quot;keyword&quot;...lenghty &quot;keyword&quot;...lenghty &quot;keyword&quot;...lenghty &quot;keyword&quot;...lenghty &quot;keyword&quot;...lenghty &quot;keyword&quot;...lenghty &quot;keyword&quot;...lenghty &quot;keyword&quot;...lenghty &quot;keyword&quot;...lenghty &quot;k</label>
		<nb_uniq_visitors>1</nb_uniq_visitors>
		<nb_visits>1</nb_visits>
		<nb_actions>1</nb_actions>
		<nb_users>0</nb_users>
		<max_actions>1</max_actions>
		<sum_visit_length>0</sum_visit_length>
		<bounce_count>1</bounce_count>
		<nb_visits_converted>0</nb_visits_converted>
		<segment>referrerType==campaign;referrerName==lenghty &quot;name&quot;...lenghty &quot;name&quot;...lenghty &quot;name&quot;...lenghty &quot;name&quot;...lenghty &quot;name&quot;...lenghty &quot;name&quot;...lenghty &quot;name&quot;...lenghty &quot;name&quot;...lenghty &quot;name&quot;...lenghty &quot;name&quot;...lenghty &quot;name&quot;...lenghty &quot;name&quot;...lenghty &quot;name&quot;...lenghty &quot;name&quot;...lenghty &quot;nam;referrerType==campaign;referrerKeyword==lenghty+%22keyword%22...lenghty+%22keyword%22...lenghty+%22keyword%22...lenghty+%22keyword%22...lenghty+%22keyword%22...lenghty+%22keyword%22...lenghty+%22keyword%22...lenghty+%22keyword%22...lenghty+%22keyword%22...lenghty+%22keyword%22...lenghty+%22keyword%22...lenghty+%22keyword%22...lenghty+%22k</segment>
		<Referrers_Campaign>lenghty &quot;name&quot;...lenghty &quot;name&quot;...lenghty &quot;name&quot;...lenghty &quot;name&quot;...lenghty &quot;name&quot;...lenghty &quot;name&quot;...lenghty &quot;name&quot;...lenghty &quot;name&quot;...lenghty &quot;name&quot;...lenghty &quot;name&quot;...lenghty &quot;name&quot;...lenghty &quot;name&quot;...lenghty &quot;name&quot;...lenghty &quot;name&quot;...lenghty &quot;nam</Referrers_Campaign>
		<Referrers_Keyword>lenghty &quot;keyword&quot;...lenghty &quot;keyword&quot;...lenghty &quot;keyword&quot;...lenghty &quot;keyword&quot;...lenghty &quot;keyword&quot;...lenghty &quot;keyword&quot;...lenghty &quot;keyword&quot;...lenghty &quot;keyword&quot;...lenghty &quot;keyword&quot;...lenghty &quot;keyword&quot;...lenghty &quot;keyword&quot;...lenghty &quot;keyword&quot;...lenghty &quot;k</Referrers_Keyword>
	</row>
	<row>
		<label>november_offer - mot_clé_pépère</label>
		<nb_uniq_visitors>1</nb_uniq_visitors>
		<nb_visits>1</nb_visits>
		<nb_actions>1</nb_actions>
		<nb_users>0</nb_users>
		<max_actions>1</max_actions>
		<sum_visit_length>0</sum_visit_length>
		<bounce_count>1</bounce_count>
		<nb_visits_converted>0</nb_visits_converted>
		<segment>referrerType==campaign;referrerName==november_offer;referrerType==campaign;referrerKeyword==mot_cl%C3%A9_p%C3%A9p%C3%A8re</segment>
		<Referrers_Campaign>november_offer</Referrers_Campaign>
		<Referrers_Keyword>mot_clé_pépère</Referrers_Keyword>
	</row>
	<row>
		<label>october_offer - mot_clé_pépère</label>
		<nb_uniq_visitors>1</nb_uniq_visitors>
		<nb_visits>1</nb_visits>
		<nb_actions>1</nb_actions>
		<nb_users>0</nb_users>
		<max_actions>1</max_actions>
		<sum_visit_length>0</sum_visit_length>
		<bounce_count>1</bounce_count>
		<nb_visits_converted>0</nb_visits_converted>
		<segment>referrerType==campaign;referrerName==october_offer;referrerType==campaign;referrerKeyword==mot_cl%C3%A9_p%C3%A9p%C3%A8re</segment>
		<Referrers_Campaign>october_offer</Referrers_Campaign>
		<Referrers_Keyword>mot_clé_pépère</Referrers_Keyword>
	</row>
	<row>
		<label>should_be_new_visit</label>
		<nb_uniq_visitors>1</nb_uniq_visitors>
		<nb_visits>1</nb_visits>
		<nb_actions>1</nb_actions>
		<nb_users>0</nb_users>
		<max_actions>1</max_actions>
		<sum_visit_length>0</sum_visit_length>
		<bounce_count>1</bounce_count>
		<nb_visits_converted>0</nb_visits_converted>
		<segment>referrerType==campaign;referrerName==should_be_new_visit</segment>
		<Referrers_Campaign>should_be_new_visit</Referrers_Campaign>
	</row>
</result>