<?xml version="1.0" encoding="utf-8" ?>
<results>
	<result idSite="1">
		<result date="2013-01-22" />
		<result date="2013-01-23">
			<row>
				<label>ecommmerce_campaigngroup</label>
				<nb_uniq_visitors>1</nb_uniq_visitors>
				<nb_visits>2</nb_visits>
				<nb_actions>2</nb_actions>
				<nb_users>0</nb_users>
				<max_actions>1</max_actions>
				<sum_visit_length>1444</sum_visit_length>
				<bounce_count>2</bounce_count>
				<nb_visits_converted>1</nb_visits_converted>
				<goals>
					<row idgoal='ecommerceAbandonedCart'>
						<nb_conversions>1</nb_conversions>
						<nb_visits_converted>1</nb_visits_converted>
						<revenue>555</revenue>
						<items>5</items>
					</row>
					<row idgoal='ecommerceOrder'>
						<nb_conversions>1</nb_conversions>
						<nb_visits_converted>1</nb_visits_converted>
						<revenue>555</revenue>
						<revenue_subtotal>0</revenue_subtotal>
						<revenue_tax>0</revenue_tax>
						<revenue_shipping>0</revenue_shipping>
						<revenue_discount>0</revenue_discount>
						<items>5</items>
					</row>
				</goals>
				<nb_conversions>1</nb_conversions>
				<revenue>555</revenue>
				<segment>campaignGroup==ecommmerce_campaigngroup</segment>
			</row>
			<row>
				<label>audience group 1</label>
				<nb_uniq_visitors>1</nb_uniq_visitors>
				<nb_visits>1</nb_visits>
				<nb_actions>1</nb_actions>
				<nb_users>0</nb_users>
				<max_actions>1</max_actions>
				<sum_visit_length>0</sum_visit_length>
				<bounce_count>1</bounce_count>
				<nb_visits_converted>0</nb_visits_converted>
				<segment>campaignGroup==audience+group+1</segment>
			</row>
			<row>
				<label>cg1</label>
				<nb_uniq_visitors>1</nb_uniq_visitors>
				<nb_visits>1</nb_visits>
				<nb_actions>1</nb_actions>
				<nb_users>0</nb_users>
				<max_actions>1</max_actions>
				<sum_visit_length>0</sum_visit_length>
				<bounce_count>1</bounce_count>
				<nb_visits_converted>0</nb_visits_converted>
				<segment>campaignGroup==cg1</segment>
			</row>
			<row>
				<label>cg2</label>
				<nb_uniq_visitors>1</nb_uniq_visitors>
				<nb_visits>1</nb_visits>
				<nb_actions>1</nb_actions>
				<nb_users>0</nb_users>
				<max_actions>1</max_actions>
				<sum_visit_length>0</sum_visit_length>
				<bounce_count>1</bounce_count>
				<nb_visits_converted>0</nb_visits_converted>
				<segment>campaignGroup==cg2</segment>
			</row>
			<row>
				<label>cg3</label>
				<nb_uniq_visitors>1</nb_uniq_visitors>
				<nb_visits>1</nb_visits>
				<nb_actions>1</nb_actions>
				<nb_users>0</nb_users>
				<max_actions>1</max_actions>
				<sum_visit_length>0</sum_visit_length>
				<bounce_count>1</bounce_count>
				<nb_visits_converted>0</nb_visits_converted>
				<segment>campaignGroup==cg3</segment>
			</row>
			<row>
				<label>cg4</label>
				<nb_uniq_visitors>1</nb_uniq_visitors>
				<nb_visits>1</nb_visits>
				<nb_actions>1</nb_actions>
				<nb_users>0</nb_users>
				<max_actions>1</max_actions>
				<sum_visit_length>0</sum_visit_length>
				<bounce_count>1</bounce_count>
				<nb_visits_converted>0</nb_visits_converted>
				<segment>campaignGroup==cg4</segment>
			</row>
			<row>
				<label>cg5</label>
				<nb_uniq_visitors>1</nb_uniq_visitors>
				<nb_visits>1</nb_visits>
				<nb_actions>1</nb_actions>
				<nb_users>0</nb_users>
				<max_actions>1</max_actions>
				<sum_visit_length>0</sum_visit_length>
				<bounce_count>1</bounce_count>
				<nb_visits_converted>0</nb_visits_converted>
				<segment>campaignGroup==cg5</segment>
			</row>
			<row>
				<label>cg6</label>
				<nb_uniq_visitors>1</nb_uniq_visitors>
				<nb_visits>1</nb_visits>
				<nb_actions>1</nb_actions>
				<nb_users>0</nb_users>
				<max_actions>1</max_actions>
				<sum_visit_length>0</sum_visit_length>
				<bounce_count>1</bounce_count>
				<nb_visits_converted>0</nb_visits_converted>
				<segment>campaignGroup==cg6</segment>
			</row>
			<row>
				<label>cg7</label>
				<nb_uniq_visitors>1</nb_uniq_visitors>
				<nb_visits>1</nb_visits>
				<nb_actions>1</nb_actions>
				<nb_users>0</nb_users>
				<max_actions>1</max_actions>
				<sum_visit_length>0</sum_visit_length>
				<bounce_count>1</bounce_count>
				<nb_visits_converted>0</nb_visits_converted>
				<segment>campaignGroup==cg7</segment>
			</row>
			<row>
				<label>cg8</label>
				<nb_uniq_visitors>1</nb_uniq_visitors>
				<nb_visits>1</nb_visits>
				<nb_actions>1</nb_actions>
				<nb_users>0</nb_users>
				<max_actions>1</max_actions>
				<sum_visit_length>0</sum_visit_length>
				<bounce_count>1</bounce_count>
				<nb_visits_converted>0</nb_visits_converted>
				<segment>campaignGroup==cg8</segment>
			</row>
			<row>
				<label>group 1</label>
				<nb_uniq_visitors>1</nb_uniq_visitors>
				<nb_visits>1</nb_visits>
				<nb_actions>1</nb_actions>
				<nb_users>0</nb_users>
				<max_actions>1</max_actions>
				<sum_visit_length>0</sum_visit_length>
				<bounce_count>1</bounce_count>
				<nb_visits_converted>0</nb_visits_converted>
				<segment>campaignGroup==group+1</segment>
			</row>
		</result>
		<result date="2013-01-24" />
		<result date="2013-01-25" />
		<result date="2013-01-26" />
		<result date="2013-01-27" />
		<result date="2013-01-28" />
	</result>
</results>