<?xml version="1.0" encoding="utf-8" ?>
<result>
	<row>
		<label>ecommerce_source - ecommerce_medium</label>
		<nb_uniq_visitors>1</nb_uniq_visitors>
		<nb_visits>2</nb_visits>
		<nb_actions>2</nb_actions>
		<nb_users>0</nb_users>
		<max_actions>1</max_actions>
		<sum_visit_length>1444</sum_visit_length>
		<bounce_count>2</bounce_count>
		<nb_visits_converted>1</nb_visits_converted>
		<goals>
			<row idgoal='ecommerceAbandonedCart'>
				<nb_conversions>1</nb_conversions>
				<nb_visits_converted>1</nb_visits_converted>
				<revenue>555</revenue>
				<items>5</items>
			</row>
			<row idgoal='ecommerceOrder'>
				<nb_conversions>1</nb_conversions>
				<nb_visits_converted>1</nb_visits_converted>
				<revenue>555</revenue>
				<revenue_subtotal>0</revenue_subtotal>
				<revenue_tax>0</revenue_tax>
				<revenue_shipping>0</revenue_shipping>
				<revenue_discount>0</revenue_discount>
				<items>5</items>
			</row>
		</goals>
		<nb_conversions>1</nb_conversions>
		<revenue>555</revenue>
		<subtable>
			<row>
				<label>ecommerce_campaign</label>
				<nb_uniq_visitors>1</nb_uniq_visitors>
				<nb_visits>2</nb_visits>
				<nb_actions>2</nb_actions>
				<nb_users>0</nb_users>
				<max_actions>1</max_actions>
				<sum_visit_length>1444</sum_visit_length>
				<bounce_count>2</bounce_count>
				<nb_visits_converted>1</nb_visits_converted>
				<goals>
					<row idgoal='ecommerceAbandonedCart'>
						<nb_conversions>1</nb_conversions>
						<nb_visits_converted>1</nb_visits_converted>
						<revenue>555</revenue>
						<items>5</items>
					</row>
					<row idgoal='ecommerceOrder'>
						<nb_conversions>1</nb_conversions>
						<nb_visits_converted>1</nb_visits_converted>
						<revenue>555</revenue>
						<revenue_subtotal>0</revenue_subtotal>
						<revenue_tax>0</revenue_tax>
						<revenue_shipping>0</revenue_shipping>
						<revenue_discount>0</revenue_discount>
						<items>5</items>
					</row>
				</goals>
				<nb_conversions>1</nb_conversions>
				<revenue>555</revenue>
			</row>
		</subtable>
	</row>
	<row>
		<label>lenghty &quot;source&quot;...lenghty &quot;source&quot;...lenghty &quot;source&quot;...</label>
		<nb_uniq_visitors>1</nb_uniq_visitors>
		<nb_visits>1</nb_visits>
		<nb_actions>1</nb_actions>
		<nb_users>0</nb_users>
		<max_actions>1</max_actions>
		<sum_visit_length>0</sum_visit_length>
		<bounce_count>1</bounce_count>
		<nb_visits_converted>0</nb_visits_converted>
		<subtable>
			<row>
				<label>lenghty &quot;name&quot;...lenghty &quot;name&quot;...lenghty &quot;name&quot;...lenghty &quot;name&quot;...lenghty &quot;name&quot;...lenghty &quot;name&quot;...lenghty &quot;name&quot;...lenghty &quot;name&quot;...lenghty &quot;name&quot;...lenghty &quot;name&quot;...lenghty &quot;name&quot;...lenghty &quot;name&quot;...lenghty &quot;name&quot;...lenghty &quot;name&quot;...lenghty &quot;nam</label>
				<nb_uniq_visitors>1</nb_uniq_visitors>
				<nb_visits>1</nb_visits>
				<nb_actions>1</nb_actions>
				<nb_users>0</nb_users>
				<max_actions>1</max_actions>
				<sum_visit_length>0</sum_visit_length>
				<bounce_count>1</bounce_count>
				<nb_visits_converted>0</nb_visits_converted>
			</row>
		</subtable>
	</row>
	<row>
		<label>newsletter_6 - email</label>
		<nb_uniq_visitors>1</nb_uniq_visitors>
		<nb_visits>1</nb_visits>
		<nb_actions>1</nb_actions>
		<nb_users>0</nb_users>
		<max_actions>1</max_actions>
		<sum_visit_length>0</sum_visit_length>
		<bounce_count>1</bounce_count>
		<nb_visits_converted>0</nb_visits_converted>
		<subtable>
			<row>
				<label>october_offer</label>
				<nb_uniq_visitors>1</nb_uniq_visitors>
				<nb_visits>1</nb_visits>
				<nb_actions>1</nb_actions>
				<nb_users>0</nb_users>
				<max_actions>1</max_actions>
				<sum_visit_length>0</sum_visit_length>
				<bounce_count>1</bounce_count>
				<nb_visits_converted>0</nb_visits_converted>
			</row>
		</subtable>
	</row>
	<row>
		<label>newsletter_7 - email</label>
		<nb_uniq_visitors>1</nb_uniq_visitors>
		<nb_visits>1</nb_visits>
		<nb_actions>1</nb_actions>
		<nb_users>0</nb_users>
		<max_actions>1</max_actions>
		<sum_visit_length>0</sum_visit_length>
		<bounce_count>1</bounce_count>
		<nb_visits_converted>0</nb_visits_converted>
		<subtable>
			<row>
				<label>november_offer</label>
				<nb_uniq_visitors>1</nb_uniq_visitors>
				<nb_visits>1</nb_visits>
				<nb_actions>1</nb_actions>
				<nb_users>0</nb_users>
				<max_actions>1</max_actions>
				<sum_visit_length>0</sum_visit_length>
				<bounce_count>1</bounce_count>
				<nb_visits_converted>0</nb_visits_converted>
			</row>
		</subtable>
	</row>
	<row>
		<label>newsletter_10 - email</label>
		<nb_uniq_visitors>1</nb_uniq_visitors>
		<nb_visits>1</nb_visits>
		<nb_actions>1</nb_actions>
		<nb_users>0</nb_users>
		<max_actions>1</max_actions>
		<sum_visit_length>0</sum_visit_length>
		<bounce_count>1</bounce_count>
		<nb_visits_converted>0</nb_visits_converted>
		<subtable>
			<row>
				<label>10th</label>
				<nb_uniq_visitors>1</nb_uniq_visitors>
				<nb_visits>1</nb_visits>
				<nb_actions>1</nb_actions>
				<nb_users>0</nb_users>
				<max_actions>1</max_actions>
				<sum_visit_length>0</sum_visit_length>
				<bounce_count>1</bounce_count>
				<nb_visits_converted>0</nb_visits_converted>
			</row>
		</subtable>
	</row>
	<row>
		<label>newsletter_11 - email</label>
		<nb_uniq_visitors>1</nb_uniq_visitors>
		<nb_visits>1</nb_visits>
		<nb_actions>1</nb_actions>
		<nb_users>0</nb_users>
		<max_actions>1</max_actions>
		<sum_visit_length>0</sum_visit_length>
		<bounce_count>1</bounce_count>
		<nb_visits_converted>0</nb_visits_converted>
		<subtable>
			<row>
				<label>11th</label>
				<nb_uniq_visitors>1</nb_uniq_visitors>
				<nb_visits>1</nb_visits>
				<nb_actions>1</nb_actions>
				<nb_users>0</nb_users>
				<max_actions>1</max_actions>
				<sum_visit_length>0</sum_visit_length>
				<bounce_count>1</bounce_count>
				<nb_visits_converted>0</nb_visits_converted>
			</row>
		</subtable>
	</row>
	<row>
		<label>newsletter_12 - email</label>
		<nb_uniq_visitors>1</nb_uniq_visitors>
		<nb_visits>1</nb_visits>
		<nb_actions>1</nb_actions>
		<nb_users>0</nb_users>
		<max_actions>1</max_actions>
		<sum_visit_length>0</sum_visit_length>
		<bounce_count>1</bounce_count>
		<nb_visits_converted>0</nb_visits_converted>
		<subtable>
			<row>
				<label>12th</label>
				<nb_uniq_visitors>1</nb_uniq_visitors>
				<nb_visits>1</nb_visits>
				<nb_actions>1</nb_actions>
				<nb_users>0</nb_users>
				<max_actions>1</max_actions>
				<sum_visit_length>0</sum_visit_length>
				<bounce_count>1</bounce_count>
				<nb_visits_converted>0</nb_visits_converted>
			</row>
		</subtable>
	</row>
	<row>
		<label>newsletter_13 - email</label>
		<nb_uniq_visitors>1</nb_uniq_visitors>
		<nb_visits>1</nb_visits>
		<nb_actions>1</nb_actions>
		<nb_users>0</nb_users>
		<max_actions>1</max_actions>
		<sum_visit_length>0</sum_visit_length>
		<bounce_count>1</bounce_count>
		<nb_visits_converted>0</nb_visits_converted>
		<subtable>
			<row>
				<label>13th</label>
				<nb_uniq_visitors>1</nb_uniq_visitors>
				<nb_visits>1</nb_visits>
				<nb_actions>1</nb_actions>
				<nb_users>0</nb_users>
				<max_actions>1</max_actions>
				<sum_visit_length>0</sum_visit_length>
				<bounce_count>1</bounce_count>
				<nb_visits_converted>0</nb_visits_converted>
			</row>
		</subtable>
	</row>
	<row>
		<label>newsletter_14 - email</label>
		<nb_uniq_visitors>1</nb_uniq_visitors>
		<nb_visits>1</nb_visits>
		<nb_actions>1</nb_actions>
		<nb_users>0</nb_users>
		<max_actions>1</max_actions>
		<sum_visit_length>0</sum_visit_length>
		<bounce_count>1</bounce_count>
		<nb_visits_converted>0</nb_visits_converted>
		<subtable>
			<row>
				<label>14th</label>
				<nb_uniq_visitors>1</nb_uniq_visitors>
				<nb_visits>1</nb_visits>
				<nb_actions>1</nb_actions>
				<nb_users>0</nb_users>
				<max_actions>1</max_actions>
				<sum_visit_length>0</sum_visit_length>
				<bounce_count>1</bounce_count>
				<nb_visits_converted>0</nb_visits_converted>
			</row>
		</subtable>
	</row>
	<row>
		<label>newsletter_15 - email</label>
		<nb_uniq_visitors>1</nb_uniq_visitors>
		<nb_visits>1</nb_visits>
		<nb_actions>1</nb_actions>
		<nb_users>0</nb_users>
		<max_actions>1</max_actions>
		<sum_visit_length>0</sum_visit_length>
		<bounce_count>1</bounce_count>
		<nb_visits_converted>0</nb_visits_converted>
		<subtable>
			<row>
				<label>15th</label>
				<nb_uniq_visitors>1</nb_uniq_visitors>
				<nb_visits>1</nb_visits>
				<nb_actions>1</nb_actions>
				<nb_users>0</nb_users>
				<max_actions>1</max_actions>
				<sum_visit_length>0</sum_visit_length>
				<bounce_count>1</bounce_count>
				<nb_visits_converted>0</nb_visits_converted>
			</row>
		</subtable>
	</row>
	<row>
		<label>newsletter_16 - email</label>
		<nb_uniq_visitors>1</nb_uniq_visitors>
		<nb_visits>1</nb_visits>
		<nb_actions>1</nb_actions>
		<nb_users>0</nb_users>
		<max_actions>1</max_actions>
		<sum_visit_length>0</sum_visit_length>
		<bounce_count>1</bounce_count>
		<nb_visits_converted>0</nb_visits_converted>
		<subtable>
			<row>
				<label>16th</label>
				<nb_uniq_visitors>1</nb_uniq_visitors>
				<nb_visits>1</nb_visits>
				<nb_actions>1</nb_actions>
				<nb_users>0</nb_users>
				<max_actions>1</max_actions>
				<sum_visit_length>0</sum_visit_length>
				<bounce_count>1</bounce_count>
				<nb_visits_converted>0</nb_visits_converted>
			</row>
		</subtable>
	</row>
	<row>
		<label>newsletter_17 - email</label>
		<nb_uniq_visitors>1</nb_uniq_visitors>
		<nb_visits>1</nb_visits>
		<nb_actions>1</nb_actions>
		<nb_users>0</nb_users>
		<max_actions>1</max_actions>
		<sum_visit_length>0</sum_visit_length>
		<bounce_count>1</bounce_count>
		<nb_visits_converted>0</nb_visits_converted>
		<subtable>
			<row>
				<label>17th</label>
				<nb_uniq_visitors>1</nb_uniq_visitors>
				<nb_visits>1</nb_visits>
				<nb_actions>1</nb_actions>
				<nb_users>0</nb_users>
				<max_actions>1</max_actions>
				<sum_visit_length>0</sum_visit_length>
				<bounce_count>1</bounce_count>
				<nb_visits_converted>0</nb_visits_converted>
			</row>
		</subtable>
	</row>
</result>