<?xml version="1.0" encoding="utf-8" ?>
<result>
	<row>
		<label>ecommerce_campaign</label>
		<nb_uniq_visitors>1</nb_uniq_visitors>
		<nb_visits>2</nb_visits>
		<nb_actions>2</nb_actions>
		<nb_users>0</nb_users>
		<max_actions>1</max_actions>
		<sum_visit_length>1444</sum_visit_length>
		<bounce_count>2</bounce_count>
		<nb_visits_converted>1</nb_visits_converted>
		<goals>
			<row idgoal='ecommerceAbandonedCart'>
				<nb_conversions>1</nb_conversions>
				<nb_visits_converted>1</nb_visits_converted>
				<revenue>555</revenue>
				<items>5</items>
			</row>
			<row idgoal='ecommerceOrder'>
				<nb_conversions>1</nb_conversions>
				<nb_visits_converted>1</nb_visits_converted>
				<revenue>555</revenue>
				<revenue_subtotal>0</revenue_subtotal>
				<revenue_tax>0</revenue_tax>
				<revenue_shipping>0</revenue_shipping>
				<revenue_discount>0</revenue_discount>
				<items>5</items>
			</row>
		</goals>
		<nb_conversions>1</nb_conversions>
		<revenue>555</revenue>
		<segment>campaignName==ecommerce_campaign</segment>
		<subtable>
			<row>
				<label>ecommerce_keyword - ecommerce_content</label>
				<nb_uniq_visitors>1</nb_uniq_visitors>
				<nb_visits>2</nb_visits>
				<nb_actions>2</nb_actions>
				<nb_users>0</nb_users>
				<max_actions>1</max_actions>
				<sum_visit_length>1444</sum_visit_length>
				<bounce_count>2</bounce_count>
				<nb_visits_converted>1</nb_visits_converted>
				<goals>
					<row idgoal='ecommerceAbandonedCart'>
						<nb_conversions>1</nb_conversions>
						<nb_visits_converted>1</nb_visits_converted>
						<revenue>555</revenue>
						<items>5</items>
					</row>
					<row idgoal='ecommerceOrder'>
						<nb_conversions>1</nb_conversions>
						<nb_visits_converted>1</nb_visits_converted>
						<revenue>555</revenue>
						<revenue_subtotal>0</revenue_subtotal>
						<revenue_tax>0</revenue_tax>
						<revenue_shipping>0</revenue_shipping>
						<revenue_discount>0</revenue_discount>
						<items>5</items>
					</row>
				</goals>
				<nb_conversions>1</nb_conversions>
				<revenue>555</revenue>
			</row>
		</subtable>
	</row>
	<row>
		<label>10th</label>
		<nb_uniq_visitors>1</nb_uniq_visitors>
		<nb_visits>1</nb_visits>
		<nb_actions>1</nb_actions>
		<nb_users>0</nb_users>
		<max_actions>1</max_actions>
		<sum_visit_length>0</sum_visit_length>
		<bounce_count>1</bounce_count>
		<nb_visits_converted>0</nb_visits_converted>
		<segment>campaignName==10th</segment>
		<subtable>
			<row>
				<label>keyword a - none</label>
				<nb_uniq_visitors>1</nb_uniq_visitors>
				<nb_visits>1</nb_visits>
				<nb_actions>1</nb_actions>
				<nb_users>0</nb_users>
				<max_actions>1</max_actions>
				<sum_visit_length>0</sum_visit_length>
				<bounce_count>1</bounce_count>
				<nb_visits_converted>0</nb_visits_converted>
			</row>
		</subtable>
	</row>
	<row>
		<label>11th</label>
		<nb_uniq_visitors>1</nb_uniq_visitors>
		<nb_visits>1</nb_visits>
		<nb_actions>1</nb_actions>
		<nb_users>0</nb_users>
		<max_actions>1</max_actions>
		<sum_visit_length>0</sum_visit_length>
		<bounce_count>1</bounce_count>
		<nb_visits_converted>0</nb_visits_converted>
		<segment>campaignName==11th</segment>
		<subtable>
			<row>
				<label>keyword b - none</label>
				<nb_uniq_visitors>1</nb_uniq_visitors>
				<nb_visits>1</nb_visits>
				<nb_actions>1</nb_actions>
				<nb_users>0</nb_users>
				<max_actions>1</max_actions>
				<sum_visit_length>0</sum_visit_length>
				<bounce_count>1</bounce_count>
				<nb_visits_converted>0</nb_visits_converted>
			</row>
		</subtable>
	</row>
	<row>
		<label>12th</label>
		<nb_uniq_visitors>1</nb_uniq_visitors>
		<nb_visits>1</nb_visits>
		<nb_actions>1</nb_actions>
		<nb_users>0</nb_users>
		<max_actions>1</max_actions>
		<sum_visit_length>0</sum_visit_length>
		<bounce_count>1</bounce_count>
		<nb_visits_converted>0</nb_visits_converted>
		<segment>campaignName==12th</segment>
		<subtable>
			<row>
				<label>keyword c - none</label>
				<nb_uniq_visitors>1</nb_uniq_visitors>
				<nb_visits>1</nb_visits>
				<nb_actions>1</nb_actions>
				<nb_users>0</nb_users>
				<max_actions>1</max_actions>
				<sum_visit_length>0</sum_visit_length>
				<bounce_count>1</bounce_count>
				<nb_visits_converted>0</nb_visits_converted>
			</row>
		</subtable>
	</row>
	<row>
		<label>13th</label>
		<nb_uniq_visitors>1</nb_uniq_visitors>
		<nb_visits>1</nb_visits>
		<nb_actions>1</nb_actions>
		<nb_users>0</nb_users>
		<max_actions>1</max_actions>
		<sum_visit_length>0</sum_visit_length>
		<bounce_count>1</bounce_count>
		<nb_visits_converted>0</nb_visits_converted>
		<segment>campaignName==13th</segment>
		<subtable>
			<row>
				<label>keyword d - none</label>
				<nb_uniq_visitors>1</nb_uniq_visitors>
				<nb_visits>1</nb_visits>
				<nb_actions>1</nb_actions>
				<nb_users>0</nb_users>
				<max_actions>1</max_actions>
				<sum_visit_length>0</sum_visit_length>
				<bounce_count>1</bounce_count>
				<nb_visits_converted>0</nb_visits_converted>
			</row>
		</subtable>
	</row>
	<row>
		<label>14th</label>
		<nb_uniq_visitors>1</nb_uniq_visitors>
		<nb_visits>1</nb_visits>
		<nb_actions>1</nb_actions>
		<nb_users>0</nb_users>
		<max_actions>1</max_actions>
		<sum_visit_length>0</sum_visit_length>
		<bounce_count>1</bounce_count>
		<nb_visits_converted>0</nb_visits_converted>
		<segment>campaignName==14th</segment>
		<subtable>
			<row>
				<label>keyword e - none</label>
				<nb_uniq_visitors>1</nb_uniq_visitors>
				<nb_visits>1</nb_visits>
				<nb_actions>1</nb_actions>
				<nb_users>0</nb_users>
				<max_actions>1</max_actions>
				<sum_visit_length>0</sum_visit_length>
				<bounce_count>1</bounce_count>
				<nb_visits_converted>0</nb_visits_converted>
			</row>
		</subtable>
	</row>
	<row>
		<label>15th</label>
		<nb_uniq_visitors>1</nb_uniq_visitors>
		<nb_visits>1</nb_visits>
		<nb_actions>1</nb_actions>
		<nb_users>0</nb_users>
		<max_actions>1</max_actions>
		<sum_visit_length>0</sum_visit_length>
		<bounce_count>1</bounce_count>
		<nb_visits_converted>0</nb_visits_converted>
		<segment>campaignName==15th</segment>
		<subtable>
			<row>
				<label>keyword f - none</label>
				<nb_uniq_visitors>1</nb_uniq_visitors>
				<nb_visits>1</nb_visits>
				<nb_actions>1</nb_actions>
				<nb_users>0</nb_users>
				<max_actions>1</max_actions>
				<sum_visit_length>0</sum_visit_length>
				<bounce_count>1</bounce_count>
				<nb_visits_converted>0</nb_visits_converted>
			</row>
		</subtable>
	</row>
	<row>
		<label>16th</label>
		<nb_uniq_visitors>1</nb_uniq_visitors>
		<nb_visits>1</nb_visits>
		<nb_actions>1</nb_actions>
		<nb_users>0</nb_users>
		<max_actions>1</max_actions>
		<sum_visit_length>0</sum_visit_length>
		<bounce_count>1</bounce_count>
		<nb_visits_converted>0</nb_visits_converted>
		<segment>campaignName==16th</segment>
		<subtable>
			<row>
				<label>keyword g - none</label>
				<nb_uniq_visitors>1</nb_uniq_visitors>
				<nb_visits>1</nb_visits>
				<nb_actions>1</nb_actions>
				<nb_users>0</nb_users>
				<max_actions>1</max_actions>
				<sum_visit_length>0</sum_visit_length>
				<bounce_count>1</bounce_count>
				<nb_visits_converted>0</nb_visits_converted>
			</row>
		</subtable>
	</row>
	<row>
		<label>17th</label>
		<nb_uniq_visitors>1</nb_uniq_visitors>
		<nb_visits>1</nb_visits>
		<nb_actions>1</nb_actions>
		<nb_users>0</nb_users>
		<max_actions>1</max_actions>
		<sum_visit_length>0</sum_visit_length>
		<bounce_count>1</bounce_count>
		<nb_visits_converted>0</nb_visits_converted>
		<segment>campaignName==17th</segment>
		<subtable>
			<row>
				<label>keyword h - none</label>
				<nb_uniq_visitors>1</nb_uniq_visitors>
				<nb_visits>1</nb_visits>
				<nb_actions>1</nb_actions>
				<nb_users>0</nb_users>
				<max_actions>1</max_actions>
				<sum_visit_length>0</sum_visit_length>
				<bounce_count>1</bounce_count>
				<nb_visits_converted>0</nb_visits_converted>
			</row>
		</subtable>
	</row>
	<row>
		<label>campaignnamedimension - no other dimension for this visit</label>
		<nb_uniq_visitors>1</nb_uniq_visitors>
		<nb_visits>1</nb_visits>
		<nb_actions>1</nb_actions>
		<nb_users>0</nb_users>
		<max_actions>1</max_actions>
		<sum_visit_length>0</sum_visit_length>
		<bounce_count>1</bounce_count>
		<nb_visits_converted>0</nb_visits_converted>
		<segment>campaignName==campaignnamedimension+-+no+other+dimension+for+this+visit</segment>
	</row>
	<row>
		<label>campaign_hashed</label>
		<nb_uniq_visitors>1</nb_uniq_visitors>
		<nb_visits>1</nb_visits>
		<nb_actions>1</nb_actions>
		<nb_users>0</nb_users>
		<max_actions>1</max_actions>
		<sum_visit_length>0</sum_visit_length>
		<bounce_count>1</bounce_count>
		<nb_visits_converted>0</nb_visits_converted>
		<segment>campaignName==campaign_hashed</segment>
		<subtable>
			<row>
				<label>keyword from #hash tag parameter</label>
				<nb_uniq_visitors>1</nb_uniq_visitors>
				<nb_visits>1</nb_visits>
				<nb_actions>1</nb_actions>
				<nb_users>0</nb_users>
				<max_actions>1</max_actions>
				<sum_visit_length>0</sum_visit_length>
				<bounce_count>1</bounce_count>
				<nb_visits_converted>0</nb_visits_converted>
			</row>
		</subtable>
	</row>
	<row>
		<label>campaign_with_two_goals_conversions</label>
		<nb_uniq_visitors>1</nb_uniq_visitors>
		<nb_visits>1</nb_visits>
		<nb_actions>1</nb_actions>
		<nb_users>0</nb_users>
		<max_actions>1</max_actions>
		<sum_visit_length>725</sum_visit_length>
		<bounce_count>1</bounce_count>
		<nb_visits_converted>1</nb_visits_converted>
		<goals>
			<row idgoal='1'>
				<nb_conversions>2</nb_conversions>
				<nb_visits_converted>1</nb_visits_converted>
				<revenue>1111</revenue>
			</row>
			<row idgoal='2'>
				<nb_conversions>1</nb_conversions>
				<nb_visits_converted>1</nb_visits_converted>
				<revenue>3333</revenue>
			</row>
		</goals>
		<nb_conversions>3</nb_conversions>
		<revenue>4444</revenue>
		<segment>campaignName==campaign_with_two_goals_conversions</segment>
	</row>
	<row>
		<label>default_offer</label>
		<nb_uniq_visitors>1</nb_uniq_visitors>
		<nb_visits>1</nb_visits>
		<nb_actions>1</nb_actions>
		<nb_users>0</nb_users>
		<max_actions>1</max_actions>
		<sum_visit_length>0</sum_visit_length>
		<bounce_count>1</bounce_count>
		<nb_visits_converted>0</nb_visits_converted>
		<segment>campaignName==default_offer</segment>
		<subtable>
			<row>
				<label>not_an_advanced_campaign_at_first</label>
				<nb_uniq_visitors>1</nb_uniq_visitors>
				<nb_visits>1</nb_visits>
				<nb_actions>1</nb_actions>
				<nb_users>0</nb_users>
				<max_actions>1</max_actions>
				<sum_visit_length>0</sum_visit_length>
				<bounce_count>1</bounce_count>
				<nb_visits_converted>0</nb_visits_converted>
			</row>
		</subtable>
	</row>
	<row>
		<label>lenghty &quot;name&quot;...lenghty &quot;name&quot;...lenghty &quot;name&quot;...lenghty &quot;name&quot;...lenghty &quot;name&quot;...lenghty &quot;name&quot;...lenghty &quot;name&quot;...lenghty &quot;name&quot;...lenghty &quot;name&quot;...lenghty &quot;name&quot;...lenghty &quot;name&quot;...lenghty &quot;name&quot;...lenghty &quot;name&quot;...lenghty &quot;name&quot;...lenghty &quot;nam</label>
		<nb_uniq_visitors>1</nb_uniq_visitors>
		<nb_visits>1</nb_visits>
		<nb_actions>1</nb_actions>
		<nb_users>0</nb_users>
		<max_actions>1</max_actions>
		<sum_visit_length>0</sum_visit_length>
		<bounce_count>1</bounce_count>
		<nb_visits_converted>0</nb_visits_converted>
		<segment>campaignName==lenghty+%22name%22...lenghty+%22name%22...lenghty+%22name%22...lenghty+%22name%22...lenghty+%22name%22...lenghty+%22name%22...lenghty+%22name%22...lenghty+%22name%22...lenghty+%22name%22...lenghty+%22name%22...lenghty+%22name%22...lenghty+%22name%22...lenghty+%22name%22...lenghty+%22name%22...lenghty+%22nam</segment>
		<subtable>
			<row>
				<label>lenghty &quot;keyword&quot;...lenghty &quot;keyword&quot;...lenghty &quot;keyword&quot;...lenghty &quot;keyword&quot;...lenghty &quot;keyword&quot;...lenghty &quot;keyword&quot;...lenghty &quot;keyword&quot;...lenghty &quot;keyword&quot;...lenghty &quot;keyword&quot;...lenghty &quot;keyword&quot;...lenghty &quot;keyword&quot;...lenghty &quot;keyword&quot;...lenghty &quot;k</label>
				<nb_uniq_visitors>1</nb_uniq_visitors>
				<nb_visits>1</nb_visits>
				<nb_actions>1</nb_actions>
				<nb_users>0</nb_users>
				<max_actions>1</max_actions>
				<sum_visit_length>0</sum_visit_length>
				<bounce_count>1</bounce_count>
				<nb_visits_converted>0</nb_visits_converted>
			</row>
		</subtable>
	</row>
	<row>
		<label>november_offer</label>
		<nb_uniq_visitors>1</nb_uniq_visitors>
		<nb_visits>1</nb_visits>
		<nb_actions>1</nb_actions>
		<nb_users>0</nb_users>
		<max_actions>1</max_actions>
		<sum_visit_length>0</sum_visit_length>
		<bounce_count>1</bounce_count>
		<nb_visits_converted>0</nb_visits_converted>
		<segment>campaignName==november_offer</segment>
		<subtable>
			<row>
				<label>mot_clé_pépère - contains personalized campaigns for client</label>
				<nb_uniq_visitors>1</nb_uniq_visitors>
				<nb_visits>1</nb_visits>
				<nb_actions>1</nb_actions>
				<nb_users>0</nb_users>
				<max_actions>1</max_actions>
				<sum_visit_length>0</sum_visit_length>
				<bounce_count>1</bounce_count>
				<nb_visits_converted>0</nb_visits_converted>
			</row>
		</subtable>
	</row>
	<row>
		<label>october_offer</label>
		<nb_uniq_visitors>1</nb_uniq_visitors>
		<nb_visits>1</nb_visits>
		<nb_actions>1</nb_actions>
		<nb_users>0</nb_users>
		<max_actions>1</max_actions>
		<sum_visit_length>0</sum_visit_length>
		<bounce_count>1</bounce_count>
		<nb_visits_converted>0</nb_visits_converted>
		<segment>campaignName==october_offer</segment>
		<subtable>
			<row>
				<label>mot_clé_pépère - none</label>
				<nb_uniq_visitors>1</nb_uniq_visitors>
				<nb_visits>1</nb_visits>
				<nb_actions>1</nb_actions>
				<nb_users>0</nb_users>
				<max_actions>1</max_actions>
				<sum_visit_length>0</sum_visit_length>
				<bounce_count>1</bounce_count>
				<nb_visits_converted>0</nb_visits_converted>
			</row>
		</subtable>
	</row>
	<row>
		<label>should_be_new_visit</label>
		<nb_uniq_visitors>1</nb_uniq_visitors>
		<nb_visits>1</nb_visits>
		<nb_actions>1</nb_actions>
		<nb_users>0</nb_users>
		<max_actions>1</max_actions>
		<sum_visit_length>0</sum_visit_length>
		<bounce_count>1</bounce_count>
		<nb_visits_converted>0</nb_visits_converted>
		<segment>campaignName==should_be_new_visit</segment>
	</row>
</result>