<?xml version="1.0" encoding="utf-8" ?>
<result>
	<row>
		<label>ecommmerce_campaignplacement</label>
		<nb_uniq_visitors>1</nb_uniq_visitors>
		<nb_visits>2</nb_visits>
		<nb_actions>2</nb_actions>
		<nb_users>0</nb_users>
		<max_actions>1</max_actions>
		<sum_visit_length>1444</sum_visit_length>
		<bounce_count>2</bounce_count>
		<nb_visits_converted>1</nb_visits_converted>
		<goals>
			<row idgoal='ecommerceAbandonedCart'>
				<nb_conversions>1</nb_conversions>
				<nb_visits_converted>1</nb_visits_converted>
				<revenue>555</revenue>
				<items>5</items>
			</row>
			<row idgoal='ecommerceOrder'>
				<nb_conversions>1</nb_conversions>
				<nb_visits_converted>1</nb_visits_converted>
				<revenue>555</revenue>
				<revenue_subtotal>0</revenue_subtotal>
				<revenue_tax>0</revenue_tax>
				<revenue_shipping>0</revenue_shipping>
				<revenue_discount>0</revenue_discount>
				<items>5</items>
			</row>
		</goals>
		<nb_conversions>1</nb_conversions>
		<revenue>555</revenue>
		<MarketingCampaignsReporting_CampaignPlacement>ecommmerce_campaignplacement</MarketingCampaignsReporting_CampaignPlacement>
		<segment>campaignPlacement==ecommmerce_campaignplacement</segment>
	</row>
	<row>
		<label>bottom</label>
		<nb_uniq_visitors>1</nb_uniq_visitors>
		<nb_visits>1</nb_visits>
		<nb_actions>1</nb_actions>
		<nb_users>0</nb_users>
		<max_actions>1</max_actions>
		<sum_visit_length>0</sum_visit_length>
		<bounce_count>1</bounce_count>
		<nb_visits_converted>0</nb_visits_converted>
		<MarketingCampaignsReporting_CampaignPlacement>bottom</MarketingCampaignsReporting_CampaignPlacement>
		<segment>campaignPlacement==bottom</segment>
	</row>
	<row>
		<label>bottom-left</label>
		<nb_uniq_visitors>1</nb_uniq_visitors>
		<nb_visits>1</nb_visits>
		<nb_actions>1</nb_actions>
		<nb_users>0</nb_users>
		<max_actions>1</max_actions>
		<sum_visit_length>0</sum_visit_length>
		<bounce_count>1</bounce_count>
		<nb_visits_converted>0</nb_visits_converted>
		<MarketingCampaignsReporting_CampaignPlacement>bottom-left</MarketingCampaignsReporting_CampaignPlacement>
		<segment>campaignPlacement==bottom-left</segment>
	</row>
	<row>
		<label>center</label>
		<nb_uniq_visitors>1</nb_uniq_visitors>
		<nb_visits>1</nb_visits>
		<nb_actions>1</nb_actions>
		<nb_users>0</nb_users>
		<max_actions>1</max_actions>
		<sum_visit_length>0</sum_visit_length>
		<bounce_count>1</bounce_count>
		<nb_visits_converted>0</nb_visits_converted>
		<MarketingCampaignsReporting_CampaignPlacement>center</MarketingCampaignsReporting_CampaignPlacement>
		<segment>campaignPlacement==center</segment>
	</row>
	<row>
		<label>google ads</label>
		<nb_uniq_visitors>1</nb_uniq_visitors>
		<nb_visits>1</nb_visits>
		<nb_actions>1</nb_actions>
		<nb_users>0</nb_users>
		<max_actions>1</max_actions>
		<sum_visit_length>0</sum_visit_length>
		<bounce_count>1</bounce_count>
		<nb_visits_converted>0</nb_visits_converted>
		<MarketingCampaignsReporting_CampaignPlacement>google ads</MarketingCampaignsReporting_CampaignPlacement>
		<segment>campaignPlacement==google+ads</segment>
	</row>
	<row>
		<label>google search</label>
		<nb_uniq_visitors>1</nb_uniq_visitors>
		<nb_visits>1</nb_visits>
		<nb_actions>1</nb_actions>
		<nb_users>0</nb_users>
		<max_actions>1</max_actions>
		<sum_visit_length>0</sum_visit_length>
		<bounce_count>1</bounce_count>
		<nb_visits_converted>0</nb_visits_converted>
		<MarketingCampaignsReporting_CampaignPlacement>google search</MarketingCampaignsReporting_CampaignPlacement>
		<segment>campaignPlacement==google+search</segment>
	</row>
	<row>
		<label>left</label>
		<nb_uniq_visitors>1</nb_uniq_visitors>
		<nb_visits>1</nb_visits>
		<nb_actions>1</nb_actions>
		<nb_users>0</nb_users>
		<max_actions>1</max_actions>
		<sum_visit_length>0</sum_visit_length>
		<bounce_count>1</bounce_count>
		<nb_visits_converted>0</nb_visits_converted>
		<MarketingCampaignsReporting_CampaignPlacement>left</MarketingCampaignsReporting_CampaignPlacement>
		<segment>campaignPlacement==left</segment>
	</row>
	<row>
		<label>middle</label>
		<nb_uniq_visitors>1</nb_uniq_visitors>
		<nb_visits>1</nb_visits>
		<nb_actions>1</nb_actions>
		<nb_users>0</nb_users>
		<max_actions>1</max_actions>
		<sum_visit_length>0</sum_visit_length>
		<bounce_count>1</bounce_count>
		<nb_visits_converted>0</nb_visits_converted>
		<MarketingCampaignsReporting_CampaignPlacement>middle</MarketingCampaignsReporting_CampaignPlacement>
		<segment>campaignPlacement==middle</segment>
	</row>
	<row>
		<label>right</label>
		<nb_uniq_visitors>1</nb_uniq_visitors>
		<nb_visits>1</nb_visits>
		<nb_actions>1</nb_actions>
		<nb_users>0</nb_users>
		<max_actions>1</max_actions>
		<sum_visit_length>0</sum_visit_length>
		<bounce_count>1</bounce_count>
		<nb_visits_converted>0</nb_visits_converted>
		<MarketingCampaignsReporting_CampaignPlacement>right</MarketingCampaignsReporting_CampaignPlacement>
		<segment>campaignPlacement==right</segment>
	</row>
	<row>
		<label>top</label>
		<nb_uniq_visitors>1</nb_uniq_visitors>
		<nb_visits>1</nb_visits>
		<nb_actions>1</nb_actions>
		<nb_users>0</nb_users>
		<max_actions>1</max_actions>
		<sum_visit_length>0</sum_visit_length>
		<bounce_count>1</bounce_count>
		<nb_visits_converted>0</nb_visits_converted>
		<MarketingCampaignsReporting_CampaignPlacement>top</MarketingCampaignsReporting_CampaignPlacement>
		<segment>campaignPlacement==top</segment>
	</row>
	<row>
		<label>top-right</label>
		<nb_uniq_visitors>1</nb_uniq_visitors>
		<nb_visits>1</nb_visits>
		<nb_actions>1</nb_actions>
		<nb_users>0</nb_users>
		<max_actions>1</max_actions>
		<sum_visit_length>0</sum_visit_length>
		<bounce_count>1</bounce_count>
		<nb_visits_converted>0</nb_visits_converted>
		<MarketingCampaignsReporting_CampaignPlacement>top-right</MarketingCampaignsReporting_CampaignPlacement>
		<segment>campaignPlacement==top-right</segment>
	</row>
</result>