<?xml version="1.0" encoding="utf-8" ?>
<result>
	<row>
		<label>ecommerce_campaign - ecommerce_keyword - ecommerce_content</label>
		<nb_uniq_visitors>1</nb_uniq_visitors>
		<nb_visits>2</nb_visits>
		<nb_actions>2</nb_actions>
		<nb_users>0</nb_users>
		<max_actions>1</max_actions>
		<sum_visit_length>1444</sum_visit_length>
		<bounce_count>2</bounce_count>
		<nb_visits_converted>1</nb_visits_converted>
		<goals>
			<row idgoal='ecommerceAbandonedCart'>
				<nb_conversions>1</nb_conversions>
				<nb_visits_converted>1</nb_visits_converted>
				<revenue>555</revenue>
				<items>5</items>
			</row>
			<row idgoal='ecommerceOrder'>
				<nb_conversions>1</nb_conversions>
				<nb_visits_converted>1</nb_visits_converted>
				<revenue>555</revenue>
				<revenue_subtotal>0</revenue_subtotal>
				<revenue_tax>0</revenue_tax>
				<revenue_shipping>0</revenue_shipping>
				<revenue_discount>0</revenue_discount>
				<items>5</items>
			</row>
		</goals>
		<nb_conversions>1</nb_conversions>
		<revenue>555</revenue>
		<MarketingCampaignsReporting_CampaignName>ecommerce_campaign</MarketingCampaignsReporting_CampaignName>
		<MarketingCampaignsReporting_CombinedKeywordContent>ecommerce_keyword - ecommerce_content</MarketingCampaignsReporting_CombinedKeywordContent>
		<segment>campaignName==ecommerce_campaign</segment>
	</row>
	<row>
		<label>10th - keyword a - none</label>
		<nb_uniq_visitors>1</nb_uniq_visitors>
		<nb_visits>1</nb_visits>
		<nb_actions>1</nb_actions>
		<nb_users>0</nb_users>
		<max_actions>1</max_actions>
		<sum_visit_length>0</sum_visit_length>
		<bounce_count>1</bounce_count>
		<nb_visits_converted>0</nb_visits_converted>
		<MarketingCampaignsReporting_CampaignName>10th</MarketingCampaignsReporting_CampaignName>
		<MarketingCampaignsReporting_CombinedKeywordContent>keyword a - none</MarketingCampaignsReporting_CombinedKeywordContent>
		<segment>campaignName==10th</segment>
	</row>
	<row>
		<label>11th - keyword b - none</label>
		<nb_uniq_visitors>1</nb_uniq_visitors>
		<nb_visits>1</nb_visits>
		<nb_actions>1</nb_actions>
		<nb_users>0</nb_users>
		<max_actions>1</max_actions>
		<sum_visit_length>0</sum_visit_length>
		<bounce_count>1</bounce_count>
		<nb_visits_converted>0</nb_visits_converted>
		<MarketingCampaignsReporting_CampaignName>11th</MarketingCampaignsReporting_CampaignName>
		<MarketingCampaignsReporting_CombinedKeywordContent>keyword b - none</MarketingCampaignsReporting_CombinedKeywordContent>
		<segment>campaignName==11th</segment>
	</row>
	<row>
		<label>12th - keyword c - none</label>
		<nb_uniq_visitors>1</nb_uniq_visitors>
		<nb_visits>1</nb_visits>
		<nb_actions>1</nb_actions>
		<nb_users>0</nb_users>
		<max_actions>1</max_actions>
		<sum_visit_length>0</sum_visit_length>
		<bounce_count>1</bounce_count>
		<nb_visits_converted>0</nb_visits_converted>
		<MarketingCampaignsReporting_CampaignName>12th</MarketingCampaignsReporting_CampaignName>
		<MarketingCampaignsReporting_CombinedKeywordContent>keyword c - none</MarketingCampaignsReporting_CombinedKeywordContent>
		<segment>campaignName==12th</segment>
	</row>
	<row>
		<label>13th - keyword d - none</label>
		<nb_uniq_visitors>1</nb_uniq_visitors>
		<nb_visits>1</nb_visits>
		<nb_actions>1</nb_actions>
		<nb_users>0</nb_users>
		<max_actions>1</max_actions>
		<sum_visit_length>0</sum_visit_length>
		<bounce_count>1</bounce_count>
		<nb_visits_converted>0</nb_visits_converted>
		<MarketingCampaignsReporting_CampaignName>13th</MarketingCampaignsReporting_CampaignName>
		<MarketingCampaignsReporting_CombinedKeywordContent>keyword d - none</MarketingCampaignsReporting_CombinedKeywordContent>
		<segment>campaignName==13th</segment>
	</row>
	<row>
		<label>14th - keyword e - none</label>
		<nb_uniq_visitors>1</nb_uniq_visitors>
		<nb_visits>1</nb_visits>
		<nb_actions>1</nb_actions>
		<nb_users>0</nb_users>
		<max_actions>1</max_actions>
		<sum_visit_length>0</sum_visit_length>
		<bounce_count>1</bounce_count>
		<nb_visits_converted>0</nb_visits_converted>
		<MarketingCampaignsReporting_CampaignName>14th</MarketingCampaignsReporting_CampaignName>
		<MarketingCampaignsReporting_CombinedKeywordContent>keyword e - none</MarketingCampaignsReporting_CombinedKeywordContent>
		<segment>campaignName==14th</segment>
	</row>
	<row>
		<label>15th - keyword f - none</label>
		<nb_uniq_visitors>1</nb_uniq_visitors>
		<nb_visits>1</nb_visits>
		<nb_actions>1</nb_actions>
		<nb_users>0</nb_users>
		<max_actions>1</max_actions>
		<sum_visit_length>0</sum_visit_length>
		<bounce_count>1</bounce_count>
		<nb_visits_converted>0</nb_visits_converted>
		<MarketingCampaignsReporting_CampaignName>15th</MarketingCampaignsReporting_CampaignName>
		<MarketingCampaignsReporting_CombinedKeywordContent>keyword f - none</MarketingCampaignsReporting_CombinedKeywordContent>
		<segment>campaignName==15th</segment>
	</row>
	<row>
		<label>16th - keyword g - none</label>
		<nb_uniq_visitors>1</nb_uniq_visitors>
		<nb_visits>1</nb_visits>
		<nb_actions>1</nb_actions>
		<nb_users>0</nb_users>
		<max_actions>1</max_actions>
		<sum_visit_length>0</sum_visit_length>
		<bounce_count>1</bounce_count>
		<nb_visits_converted>0</nb_visits_converted>
		<MarketingCampaignsReporting_CampaignName>16th</MarketingCampaignsReporting_CampaignName>
		<MarketingCampaignsReporting_CombinedKeywordContent>keyword g - none</MarketingCampaignsReporting_CombinedKeywordContent>
		<segment>campaignName==16th</segment>
	</row>
	<row>
		<label>17th - keyword h - none</label>
		<nb_uniq_visitors>1</nb_uniq_visitors>
		<nb_visits>1</nb_visits>
		<nb_actions>1</nb_actions>
		<nb_users>0</nb_users>
		<max_actions>1</max_actions>
		<sum_visit_length>0</sum_visit_length>
		<bounce_count>1</bounce_count>
		<nb_visits_converted>0</nb_visits_converted>
		<MarketingCampaignsReporting_CampaignName>17th</MarketingCampaignsReporting_CampaignName>
		<MarketingCampaignsReporting_CombinedKeywordContent>keyword h - none</MarketingCampaignsReporting_CombinedKeywordContent>
		<segment>campaignName==17th</segment>
	</row>
	<row>
		<label>campaignnamedimension - no other dimension for this visit</label>
		<nb_uniq_visitors>1</nb_uniq_visitors>
		<nb_visits>1</nb_visits>
		<nb_actions>1</nb_actions>
		<nb_users>0</nb_users>
		<max_actions>1</max_actions>
		<sum_visit_length>0</sum_visit_length>
		<bounce_count>1</bounce_count>
		<nb_visits_converted>0</nb_visits_converted>
		<MarketingCampaignsReporting_CampaignName>campaignnamedimension - no other dimension for this visit</MarketingCampaignsReporting_CampaignName>
		<segment>campaignName==campaignnamedimension+-+no+other+dimension+for+this+visit</segment>
	</row>
	<row>
		<label>campaign_hashed - keyword from #hash tag parameter</label>
		<nb_uniq_visitors>1</nb_uniq_visitors>
		<nb_visits>1</nb_visits>
		<nb_actions>1</nb_actions>
		<nb_users>0</nb_users>
		<max_actions>1</max_actions>
		<sum_visit_length>0</sum_visit_length>
		<bounce_count>1</bounce_count>
		<nb_visits_converted>0</nb_visits_converted>
		<MarketingCampaignsReporting_CampaignName>campaign_hashed</MarketingCampaignsReporting_CampaignName>
		<MarketingCampaignsReporting_CombinedKeywordContent>keyword from #hash tag parameter</MarketingCampaignsReporting_CombinedKeywordContent>
		<segment>campaignName==campaign_hashed</segment>
	</row>
	<row>
		<label>campaign_with_two_goals_conversions</label>
		<nb_uniq_visitors>1</nb_uniq_visitors>
		<nb_visits>1</nb_visits>
		<nb_actions>1</nb_actions>
		<nb_users>0</nb_users>
		<max_actions>1</max_actions>
		<sum_visit_length>725</sum_visit_length>
		<bounce_count>1</bounce_count>
		<nb_visits_converted>1</nb_visits_converted>
		<goals>
			<row idgoal='1'>
				<nb_conversions>2</nb_conversions>
				<nb_visits_converted>1</nb_visits_converted>
				<revenue>1111</revenue>
			</row>
			<row idgoal='2'>
				<nb_conversions>1</nb_conversions>
				<nb_visits_converted>1</nb_visits_converted>
				<revenue>3333</revenue>
			</row>
		</goals>
		<nb_conversions>3</nb_conversions>
		<revenue>4444</revenue>
		<MarketingCampaignsReporting_CampaignName>campaign_with_two_goals_conversions</MarketingCampaignsReporting_CampaignName>
		<segment>campaignName==campaign_with_two_goals_conversions</segment>
	</row>
	<row>
		<label>default_offer - not_an_advanced_campaign_at_first</label>
		<nb_uniq_visitors>1</nb_uniq_visitors>
		<nb_visits>1</nb_visits>
		<nb_actions>1</nb_actions>
		<nb_users>0</nb_users>
		<max_actions>1</max_actions>
		<sum_visit_length>0</sum_visit_length>
		<bounce_count>1</bounce_count>
		<nb_visits_converted>0</nb_visits_converted>
		<MarketingCampaignsReporting_CampaignName>default_offer</MarketingCampaignsReporting_CampaignName>
		<MarketingCampaignsReporting_CombinedKeywordContent>not_an_advanced_campaign_at_first</MarketingCampaignsReporting_CombinedKeywordContent>
		<segment>campaignName==default_offer</segment>
	</row>
	<row>
		<label>lenghty &quot;name&quot;...lenghty &quot;name&quot;...lenghty &quot;name&quot;...lenghty &quot;name&quot;...lenghty &quot;name&quot;...lenghty &quot;name&quot;...lenghty &quot;name&quot;...lenghty &quot;name&quot;...lenghty &quot;name&quot;...lenghty &quot;name&quot;...lenghty &quot;name&quot;...lenghty &quot;name&quot;...lenghty &quot;name&quot;...lenghty &quot;name&quot;...lenghty &quot;nam - lenghty &quot;keyword&quot;...lenghty &quot;keyword&quot;...lenghty &quot;keyword&quot;...lenghty &quot;keyword&quot;...lenghty &quot;keyword&quot;...lenghty &quot;keyword&quot;...lenghty &quot;keyword&quot;...lenghty &quot;keyword&quot;...lenghty &quot;keyword&quot;...lenghty &quot;keyword&quot;...lenghty &quot;keyword&quot;...lenghty &quot;keyword&quot;...lenghty &quot;k</label>
		<nb_uniq_visitors>1</nb_uniq_visitors>
		<nb_visits>1</nb_visits>
		<nb_actions>1</nb_actions>
		<nb_users>0</nb_users>
		<max_actions>1</max_actions>
		<sum_visit_length>0</sum_visit_length>
		<bounce_count>1</bounce_count>
		<nb_visits_converted>0</nb_visits_converted>
		<MarketingCampaignsReporting_CampaignName>lenghty &quot;name&quot;...lenghty &quot;name&quot;...lenghty &quot;name&quot;...lenghty &quot;name&quot;...lenghty &quot;name&quot;...lenghty &quot;name&quot;...lenghty &quot;name&quot;...lenghty &quot;name&quot;...lenghty &quot;name&quot;...lenghty &quot;name&quot;...lenghty &quot;name&quot;...lenghty &quot;name&quot;...lenghty &quot;name&quot;...lenghty &quot;name&quot;...lenghty &quot;nam</MarketingCampaignsReporting_CampaignName>
		<MarketingCampaignsReporting_CombinedKeywordContent>lenghty &quot;keyword&quot;...lenghty &quot;keyword&quot;...lenghty &quot;keyword&quot;...lenghty &quot;keyword&quot;...lenghty &quot;keyword&quot;...lenghty &quot;keyword&quot;...lenghty &quot;keyword&quot;...lenghty &quot;keyword&quot;...lenghty &quot;keyword&quot;...lenghty &quot;keyword&quot;...lenghty &quot;keyword&quot;...lenghty &quot;keyword&quot;...lenghty &quot;k</MarketingCampaignsReporting_CombinedKeywordContent>
		<segment>campaignName==lenghty+%22name%22...lenghty+%22name%22...lenghty+%22name%22...lenghty+%22name%22...lenghty+%22name%22...lenghty+%22name%22...lenghty+%22name%22...lenghty+%22name%22...lenghty+%22name%22...lenghty+%22name%22...lenghty+%22name%22...lenghty+%22name%22...lenghty+%22name%22...lenghty+%22name%22...lenghty+%22nam</segment>
	</row>
	<row>
		<label>november_offer - mot_clé_pépère - contains personalized campaigns for client</label>
		<nb_uniq_visitors>1</nb_uniq_visitors>
		<nb_visits>1</nb_visits>
		<nb_actions>1</nb_actions>
		<nb_users>0</nb_users>
		<max_actions>1</max_actions>
		<sum_visit_length>0</sum_visit_length>
		<bounce_count>1</bounce_count>
		<nb_visits_converted>0</nb_visits_converted>
		<MarketingCampaignsReporting_CampaignName>november_offer</MarketingCampaignsReporting_CampaignName>
		<MarketingCampaignsReporting_CombinedKeywordContent>mot_clé_pépère - contains personalized campaigns for client</MarketingCampaignsReporting_CombinedKeywordContent>
		<segment>campaignName==november_offer</segment>
	</row>
	<row>
		<label>october_offer - mot_clé_pépère - none</label>
		<nb_uniq_visitors>1</nb_uniq_visitors>
		<nb_visits>1</nb_visits>
		<nb_actions>1</nb_actions>
		<nb_users>0</nb_users>
		<max_actions>1</max_actions>
		<sum_visit_length>0</sum_visit_length>
		<bounce_count>1</bounce_count>
		<nb_visits_converted>0</nb_visits_converted>
		<MarketingCampaignsReporting_CampaignName>october_offer</MarketingCampaignsReporting_CampaignName>
		<MarketingCampaignsReporting_CombinedKeywordContent>mot_clé_pépère - none</MarketingCampaignsReporting_CombinedKeywordContent>
		<segment>campaignName==october_offer</segment>
	</row>
	<row>
		<label>should_be_new_visit</label>
		<nb_uniq_visitors>1</nb_uniq_visitors>
		<nb_visits>1</nb_visits>
		<nb_actions>1</nb_actions>
		<nb_users>0</nb_users>
		<max_actions>1</max_actions>
		<sum_visit_length>0</sum_visit_length>
		<bounce_count>1</bounce_count>
		<nb_visits_converted>0</nb_visits_converted>
		<MarketingCampaignsReporting_CampaignName>should_be_new_visit</MarketingCampaignsReporting_CampaignName>
		<segment>campaignName==should_be_new_visit</segment>
	</row>
</result>