<?xml version="1.0" encoding="utf-8" ?>
<result>
	<row>
		<label>ecommerce_source - ecommerce_medium - ecommerce_campaign</label>
		<nb_uniq_visitors>1</nb_uniq_visitors>
		<nb_visits>2</nb_visits>
		<nb_actions>2</nb_actions>
		<nb_users>0</nb_users>
		<max_actions>1</max_actions>
		<sum_visit_length>1444</sum_visit_length>
		<bounce_count>2</bounce_count>
		<nb_visits_converted>1</nb_visits_converted>
		<goals>
			<row idgoal='ecommerceAbandonedCart'>
				<nb_conversions>1</nb_conversions>
				<nb_visits_converted>1</nb_visits_converted>
				<revenue>555</revenue>
				<items>5</items>
			</row>
			<row idgoal='ecommerceOrder'>
				<nb_conversions>1</nb_conversions>
				<nb_visits_converted>1</nb_visits_converted>
				<revenue>555</revenue>
				<revenue_subtotal>0</revenue_subtotal>
				<revenue_tax>0</revenue_tax>
				<revenue_shipping>0</revenue_shipping>
				<revenue_discount>0</revenue_discount>
				<items>5</items>
			</row>
		</goals>
		<nb_conversions>1</nb_conversions>
		<revenue>555</revenue>
		<MarketingCampaignsReporting_CampaignSourceMedium>ecommerce_source - ecommerce_medium</MarketingCampaignsReporting_CampaignSourceMedium>
		<MarketingCampaignsReporting_CampaignName>ecommerce_campaign</MarketingCampaignsReporting_CampaignName>
	</row>
	<row>
		<label>lenghty &quot;source&quot;...lenghty &quot;source&quot;...lenghty &quot;source&quot;... - lenghty &quot;name&quot;...lenghty &quot;name&quot;...lenghty &quot;name&quot;...lenghty &quot;name&quot;...lenghty &quot;name&quot;...lenghty &quot;name&quot;...lenghty &quot;name&quot;...lenghty &quot;name&quot;...lenghty &quot;name&quot;...lenghty &quot;name&quot;...lenghty &quot;name&quot;...lenghty &quot;name&quot;...lenghty &quot;name&quot;...lenghty &quot;name&quot;...lenghty &quot;nam</label>
		<nb_uniq_visitors>1</nb_uniq_visitors>
		<nb_visits>1</nb_visits>
		<nb_actions>1</nb_actions>
		<nb_users>0</nb_users>
		<max_actions>1</max_actions>
		<sum_visit_length>0</sum_visit_length>
		<bounce_count>1</bounce_count>
		<nb_visits_converted>0</nb_visits_converted>
		<MarketingCampaignsReporting_CampaignSourceMedium>lenghty &quot;source&quot;...lenghty &quot;source&quot;...lenghty &quot;source&quot;...</MarketingCampaignsReporting_CampaignSourceMedium>
		<MarketingCampaignsReporting_CampaignName>lenghty &quot;name&quot;...lenghty &quot;name&quot;...lenghty &quot;name&quot;...lenghty &quot;name&quot;...lenghty &quot;name&quot;...lenghty &quot;name&quot;...lenghty &quot;name&quot;...lenghty &quot;name&quot;...lenghty &quot;name&quot;...lenghty &quot;name&quot;...lenghty &quot;name&quot;...lenghty &quot;name&quot;...lenghty &quot;name&quot;...lenghty &quot;name&quot;...lenghty &quot;nam</MarketingCampaignsReporting_CampaignName>
	</row>
	<row>
		<label>newsletter_6 - email - october_offer</label>
		<nb_uniq_visitors>1</nb_uniq_visitors>
		<nb_visits>1</nb_visits>
		<nb_actions>1</nb_actions>
		<nb_users>0</nb_users>
		<max_actions>1</max_actions>
		<sum_visit_length>0</sum_visit_length>
		<bounce_count>1</bounce_count>
		<nb_visits_converted>0</nb_visits_converted>
		<MarketingCampaignsReporting_CampaignSourceMedium>newsletter_6 - email</MarketingCampaignsReporting_CampaignSourceMedium>
		<MarketingCampaignsReporting_CampaignName>october_offer</MarketingCampaignsReporting_CampaignName>
	</row>
	<row>
		<label>newsletter_7 - email - november_offer</label>
		<nb_uniq_visitors>1</nb_uniq_visitors>
		<nb_visits>1</nb_visits>
		<nb_actions>1</nb_actions>
		<nb_users>0</nb_users>
		<max_actions>1</max_actions>
		<sum_visit_length>0</sum_visit_length>
		<bounce_count>1</bounce_count>
		<nb_visits_converted>0</nb_visits_converted>
		<MarketingCampaignsReporting_CampaignSourceMedium>newsletter_7 - email</MarketingCampaignsReporting_CampaignSourceMedium>
		<MarketingCampaignsReporting_CampaignName>november_offer</MarketingCampaignsReporting_CampaignName>
	</row>
	<row>
		<label>newsletter_10 - email - 10th</label>
		<nb_uniq_visitors>1</nb_uniq_visitors>
		<nb_visits>1</nb_visits>
		<nb_actions>1</nb_actions>
		<nb_users>0</nb_users>
		<max_actions>1</max_actions>
		<sum_visit_length>0</sum_visit_length>
		<bounce_count>1</bounce_count>
		<nb_visits_converted>0</nb_visits_converted>
		<MarketingCampaignsReporting_CampaignSourceMedium>newsletter_10 - email</MarketingCampaignsReporting_CampaignSourceMedium>
		<MarketingCampaignsReporting_CampaignName>10th</MarketingCampaignsReporting_CampaignName>
	</row>
	<row>
		<label>newsletter_11 - email - 11th</label>
		<nb_uniq_visitors>1</nb_uniq_visitors>
		<nb_visits>1</nb_visits>
		<nb_actions>1</nb_actions>
		<nb_users>0</nb_users>
		<max_actions>1</max_actions>
		<sum_visit_length>0</sum_visit_length>
		<bounce_count>1</bounce_count>
		<nb_visits_converted>0</nb_visits_converted>
		<MarketingCampaignsReporting_CampaignSourceMedium>newsletter_11 - email</MarketingCampaignsReporting_CampaignSourceMedium>
		<MarketingCampaignsReporting_CampaignName>11th</MarketingCampaignsReporting_CampaignName>
	</row>
	<row>
		<label>newsletter_12 - email - 12th</label>
		<nb_uniq_visitors>1</nb_uniq_visitors>
		<nb_visits>1</nb_visits>
		<nb_actions>1</nb_actions>
		<nb_users>0</nb_users>
		<max_actions>1</max_actions>
		<sum_visit_length>0</sum_visit_length>
		<bounce_count>1</bounce_count>
		<nb_visits_converted>0</nb_visits_converted>
		<MarketingCampaignsReporting_CampaignSourceMedium>newsletter_12 - email</MarketingCampaignsReporting_CampaignSourceMedium>
		<MarketingCampaignsReporting_CampaignName>12th</MarketingCampaignsReporting_CampaignName>
	</row>
	<row>
		<label>newsletter_13 - email - 13th</label>
		<nb_uniq_visitors>1</nb_uniq_visitors>
		<nb_visits>1</nb_visits>
		<nb_actions>1</nb_actions>
		<nb_users>0</nb_users>
		<max_actions>1</max_actions>
		<sum_visit_length>0</sum_visit_length>
		<bounce_count>1</bounce_count>
		<nb_visits_converted>0</nb_visits_converted>
		<MarketingCampaignsReporting_CampaignSourceMedium>newsletter_13 - email</MarketingCampaignsReporting_CampaignSourceMedium>
		<MarketingCampaignsReporting_CampaignName>13th</MarketingCampaignsReporting_CampaignName>
	</row>
	<row>
		<label>newsletter_14 - email - 14th</label>
		<nb_uniq_visitors>1</nb_uniq_visitors>
		<nb_visits>1</nb_visits>
		<nb_actions>1</nb_actions>
		<nb_users>0</nb_users>
		<max_actions>1</max_actions>
		<sum_visit_length>0</sum_visit_length>
		<bounce_count>1</bounce_count>
		<nb_visits_converted>0</nb_visits_converted>
		<MarketingCampaignsReporting_CampaignSourceMedium>newsletter_14 - email</MarketingCampaignsReporting_CampaignSourceMedium>
		<MarketingCampaignsReporting_CampaignName>14th</MarketingCampaignsReporting_CampaignName>
	</row>
	<row>
		<label>newsletter_15 - email - 15th</label>
		<nb_uniq_visitors>1</nb_uniq_visitors>
		<nb_visits>1</nb_visits>
		<nb_actions>1</nb_actions>
		<nb_users>0</nb_users>
		<max_actions>1</max_actions>
		<sum_visit_length>0</sum_visit_length>
		<bounce_count>1</bounce_count>
		<nb_visits_converted>0</nb_visits_converted>
		<MarketingCampaignsReporting_CampaignSourceMedium>newsletter_15 - email</MarketingCampaignsReporting_CampaignSourceMedium>
		<MarketingCampaignsReporting_CampaignName>15th</MarketingCampaignsReporting_CampaignName>
	</row>
	<row>
		<label>newsletter_16 - email - 16th</label>
		<nb_uniq_visitors>1</nb_uniq_visitors>
		<nb_visits>1</nb_visits>
		<nb_actions>1</nb_actions>
		<nb_users>0</nb_users>
		<max_actions>1</max_actions>
		<sum_visit_length>0</sum_visit_length>
		<bounce_count>1</bounce_count>
		<nb_visits_converted>0</nb_visits_converted>
		<MarketingCampaignsReporting_CampaignSourceMedium>newsletter_16 - email</MarketingCampaignsReporting_CampaignSourceMedium>
		<MarketingCampaignsReporting_CampaignName>16th</MarketingCampaignsReporting_CampaignName>
	</row>
	<row>
		<label>newsletter_17 - email - 17th</label>
		<nb_uniq_visitors>1</nb_uniq_visitors>
		<nb_visits>1</nb_visits>
		<nb_actions>1</nb_actions>
		<nb_users>0</nb_users>
		<max_actions>1</max_actions>
		<sum_visit_length>0</sum_visit_length>
		<bounce_count>1</bounce_count>
		<nb_visits_converted>0</nb_visits_converted>
		<MarketingCampaignsReporting_CampaignSourceMedium>newsletter_17 - email</MarketingCampaignsReporting_CampaignSourceMedium>
		<MarketingCampaignsReporting_CampaignName>17th</MarketingCampaignsReporting_CampaignName>
	</row>
</result>